node:internal/modules/esm/resolve:272
    throw new ERR_MODULE_NOT_FOUND(
          ^

Error [ERR_MODULE_NOT_FOUND]: Cannot find module '/Users/abdul/code/human-framework/.worktrees/camp-evidence/src/experiments/camp-story/comparison.js' imported from /Users/abdul/code/human-framework/.worktrees/camp-evidence/tests/camp-comparison-evidence.test.js
    at finalizeResolution (node:internal/modules/esm/resolve:272:11)
    at moduleResolve (node:internal/modules/esm/resolve:879:10)
    at defaultResolve (node:internal/modules/esm/resolve:1006:11)
    at #cachedDefaultResolve (node:internal/modules/esm/loader:708:20)
    at #resolveAndMaybeBlockOnLoaderThread (node:internal/modules/esm/loader:728:38)
    at ModuleLoader.resolveSync (node:internal/modules/esm/loader:766:56)
    at #resolve (node:internal/modules/esm/loader:690:17)
    at ModuleLoader.getOrCreateModuleJob (node:internal/modules/esm/loader:610:35)
    at ModuleJob.syncLink (node:internal/modules/esm/module_job:277:33)
    at ModuleJob.link (node:internal/modules/esm/module_job:389:17) {
  code: 'ERR_MODULE_NOT_FOUND',
  url: 'file:///Users/abdul/code/human-framework/.worktrees/camp-evidence/src/experiments/camp-story/comparison.js'
}

Node.js v26.8.1
✖ tests/camp-comparison-evidence.test.js (26.337959ms)
ℹ tests 1
ℹ suites 0
ℹ pass 0
ℹ fail 1
ℹ cancelled 0
ℹ skipped 0
ℹ todo 0
ℹ duration_ms 30.069417

✖ failing tests:

test at tests/camp-comparison-evidence.test.js:1:1
✖ tests/camp-comparison-evidence.test.js (26.337959ms)
  'test failed'
