TAP version 13
# Subtest: prospective progress retains paid fractions and the first worker basis
ok 1 - prospective progress retains paid fractions and the first worker basis
  ---
  duration_ms: 1.924625
  ...
# Subtest: replacement workers receive only their future work and settlement is single-use
ok 2 - replacement workers receive only their future work and settlement is single-use
  ---
  duration_ms: 0.811708
  ...
# Subtest: component save rejects unpaid credit, shape tricks and invalid productivity
ok 3 - component save rejects unpaid credit, shape tricks and invalid productivity
  ---
  duration_ms: 0.549209
  ...
# Subtest: open work cannot claim an extra paid minute without its minimum physical fraction
ok 4 - open work cannot claim an extra paid minute without its minimum physical fraction
  ---
  duration_ms: 0.308375
  ...
# Subtest: component worker/state limits remain bounded without a transition journal
ok 5 - component worker/state limits remain bounded without a transition journal
  ---
  duration_ms: 0.8475
  ...
# Subtest: H1 retains paid body, owned material and prescribed completion
ok 6 - H1 retains paid body, owned material and prescribed completion
  ---
  duration_ms: 9.728125
  ...
# Subtest: H2 retains paid body, owned material and prescribed completion
ok 7 - H2 retains paid body, owned material and prescribed completion
  ---
  duration_ms: 3.85625
  ...
# Subtest: H3 retains paid body, owned material and prescribed completion
ok 8 - H3 retains paid body, owned material and prescribed completion
  ---
  duration_ms: 4.385834
  ...
# Subtest: H4 retains paid body, owned material and prescribed completion
ok 9 - H4 retains paid body, owned material and prescribed completion
  ---
  duration_ms: 3.998458
  ...
# Subtest: H5 retains paid body, owned material and prescribed completion
ok 10 - H5 retains paid body, owned material and prescribed completion
  ---
  duration_ms: 3.514041
  ...
# Subtest: H6 retains paid body, owned material and prescribed completion
ok 11 - H6 retains paid body, owned material and prescribed completion
  ---
  duration_ms: 3.415084
  ...
# Subtest: H7 retains paid body, owned material and prescribed completion
ok 12 - H7 retains paid body, owned material and prescribed completion
  ---
  duration_ms: 3.19225
  ...
# Subtest: H8 retains paid body, owned material and prescribed completion
ok 13 - H8 retains paid body, owned material and prescribed completion
  ---
  duration_ms: 3.456375
  ...
# Subtest: active saves and event/minute drivers preserve exact authoritative world
ok 14 - active saves and event/minute drivers preserve exact authoritative world
  ---
  duration_ms: 11.391833
  ...
# Subtest: host preserves partial installed work on stop and pays actual recovery
ok 15 - host preserves partial installed work on stop and pays actual recovery
  ---
  duration_ms: 0.719417
  ...
# Subtest: busy-worker refusal and unilateral hauling stop preserve past duty payment
ok 16 - busy-worker refusal and unilateral hauling stop preserve past duty payment
  ---
  duration_ms: 1.95225
  ...
# Subtest: host rejects tampered ownership, practice and duplicate assignment without mutating input
ok 17 - host rejects tampered ownership, practice and duplicate assignment without mutating input
  ---
  duration_ms: 0.62025
  ...
# Subtest: whole-action capacity rejects an unfit start or recipient without installing or moving work
ok 18 - whole-action capacity rejects an unfit start or recipient without installing or moving work
  ---
  duration_ms: 0.793
  ...
# Subtest: actual one-minute capacity failure discards earlier actors provisional payment and tool effects
ok 19 - actual one-minute capacity failure discards earlier actors provisional payment and tool effects
  ---
  duration_ms: 0.329459
  ...
# Subtest: next event includes paid supplier and hauling completion and becomes null after their end
ok 20 - next event includes paid supplier and hauling completion and becomes null after their end
  ---
  duration_ms: 0.445166
  ...
1..20
# tests 20
# suites 0
# pass 20
# fail 0
# cancelled 0
# skipped 0
# todo 0
# duration_ms 113.537042
