node:internal/modules/run_main:107
    triggerUncaughtException(
    ^

locator.selectOption: Timeout 30000ms exceeded.
Call log:
[2m  - waiting for locator('#game-choice')[22m
[2m    - locator resolved to <select id="game-choice">…</select>[22m
[2m  - attempting select option action[22m
[2m    2 × waiting for element to be visible and enabled[22m
[2m      - element is not visible[22m
[2m    - retrying select option action[22m
[2m    - waiting 20ms[22m
[2m    2 × waiting for element to be visible and enabled[22m
[2m      - element is not visible[22m
[2m    - retrying select option action[22m
[2m      - waiting 100ms[22m
[2m    59 × waiting for element to be visible and enabled[22m
[2m       - element is not visible[22m
[2m     - retrying select option action[22m
[2m       - waiting 500ms[22m

    at /private/tmp/across-production-chooser.mjs:4:490 {
  log: [
    "  - waiting for locator('#game-choice')",
    '    - locator resolved to <select id="game-choice">…</select>',
    '  - attempting select option action',
    '    2 × waiting for element to be visible and enabled',
    '      - element is not visible',
    '    - retrying select option action',
    '    - waiting 20ms',
    '    2 × waiting for element to be visible and enabled',
    '      - element is not visible',
    '    - retrying select option action',
    '      - waiting 100ms',
    '    59 × waiting for element to be visible and enabled',
    '       - element is not visible',
    '     - retrying select option action',
    '       - waiting 500ms'
  ],
  name: 'TimeoutError'
}

Node.js v26.8.1
