TAP version 13
# Subtest: prospective progress retains paid fractions and the first worker basis
ok 1 - prospective progress retains paid fractions and the first worker basis
  ---
  duration_ms: 1.929458
  ...
# Subtest: replacement workers receive only their future work and settlement is single-use
ok 2 - replacement workers receive only their future work and settlement is single-use
  ---
  duration_ms: 0.489
  ...
# Subtest: component save rejects unpaid credit, shape tricks and invalid productivity
ok 3 - component save rejects unpaid credit, shape tricks and invalid productivity
  ---
  duration_ms: 0.330875
  ...
# Subtest: open work cannot claim an extra paid minute without its minimum physical fraction
ok 4 - open work cannot claim an extra paid minute without its minimum physical fraction
  ---
  duration_ms: 0.668542
  ...
# Subtest: component worker/state limits remain bounded without a transition journal
ok 5 - component worker/state limits remain bounded without a transition journal
  ---
  duration_ms: 0.623167
  ...
# Subtest: H1 retains paid body, owned material and prescribed completion
ok 6 - H1 retains paid body, owned material and prescribed completion
  ---
  duration_ms: 9.742333
  ...
# Subtest: H2 retains paid body, owned material and prescribed completion
ok 7 - H2 retains paid body, owned material and prescribed completion
  ---
  duration_ms: 6.328333
  ...
# Subtest: H3 retains paid body, owned material and prescribed completion
ok 8 - H3 retains paid body, owned material and prescribed completion
  ---
  duration_ms: 4.05825
  ...
# Subtest: H4 retains paid body, owned material and prescribed completion
ok 9 - H4 retains paid body, owned material and prescribed completion
  ---
  duration_ms: 3.566792
  ...
# Subtest: H5 retains paid body, owned material and prescribed completion
ok 10 - H5 retains paid body, owned material and prescribed completion
  ---
  duration_ms: 3.91975
  ...
# Subtest: H6 retains paid body, owned material and prescribed completion
ok 11 - H6 retains paid body, owned material and prescribed completion
  ---
  duration_ms: 3.704458
  ...
# Subtest: H7 retains paid body, owned material and prescribed completion
ok 12 - H7 retains paid body, owned material and prescribed completion
  ---
  duration_ms: 3.839208
  ...
# Subtest: H8 retains paid body, owned material and prescribed completion
ok 13 - H8 retains paid body, owned material and prescribed completion
  ---
  duration_ms: 3.632375
  ...
# Subtest: active saves and event/minute drivers preserve exact authoritative world
ok 14 - active saves and event/minute drivers preserve exact authoritative world
  ---
  duration_ms: 11.573334
  ...
# Subtest: host preserves partial installed work on stop and pays actual recovery
ok 15 - host preserves partial installed work on stop and pays actual recovery
  ---
  duration_ms: 0.963875
  ...
# Subtest: busy-worker refusal and unilateral hauling stop preserve past duty payment
ok 16 - busy-worker refusal and unilateral hauling stop preserve past duty payment
  ---
  duration_ms: 2.025625
  ...
# Subtest: host rejects tampered ownership, practice and duplicate assignment without mutating input
ok 17 - host rejects tampered ownership, practice and duplicate assignment without mutating input
  ---
  duration_ms: 0.783084
  ...
# Subtest: whole-action capacity rejects an unfit start or recipient without installing or moving work
ok 18 - whole-action capacity rejects an unfit start or recipient without installing or moving work
  ---
  duration_ms: 0.600125
  ...
# Subtest: actual one-minute capacity failure discards earlier actors provisional payment and tool effects
ok 19 - actual one-minute capacity failure discards earlier actors provisional payment and tool effects
  ---
  duration_ms: 0.293292
  ...
# Subtest: next event includes paid supplier and hauling completion and becomes null after their end
ok 20 - next event includes paid supplier and hauling completion and becomes null after their end
  ---
  duration_ms: 0.356583
  ...
# Subtest: host bounds each advance and rejects new work past the numeric endpoint
ok 21 - host bounds each advance and rejects new work past the numeric endpoint
  ---
  duration_ms: 47.264041
  ...
# Subtest: review regression: completed work has only one possible terminal fractional minute
ok 22 - review regression: completed work has only one possible terminal fractional minute
  ---
  duration_ms: 0.240292
  ...
# Subtest: review regression: a terminal minute must add strictly positive physical work
ok 23 - review regression: a terminal minute must add strictly positive physical work
  ---
  duration_ms: 0.174625
  ...
# Subtest: review regression: invented final exposure cannot grant host construction practice
ok 24 - review regression: invented final exposure cannot grant host construction practice
  ---
  duration_ms: 1.052208
  ...
# Subtest: review regression: host progress cannot use unavailable or retroactive tool productivity
ok 25 - review regression: host progress cannot use unavailable or retroactive tool productivity
  ---
  duration_ms: 0.864291
  ...
# Subtest: review regression: completion time must accommodate sequential paid item minutes
ok 26 - review regression: completion time must accommodate sequential paid item minutes
  ---
  duration_ms: 1.000291
  ...
# Subtest: corrected rate checks preserve late starts and a legitimate transferred final partial minute
ok 27 - corrected rate checks preserve late starts and a legitimate transferred final partial minute
  ---
  duration_ms: 1.74675
  ...
# Subtest: corrected component explicitly rejects the original work version without migration
ok 28 - corrected component explicitly rejects the original work version without migration
  ---
  duration_ms: 0.069417
  ...
1..28
# tests 28
# suites 0
# pass 28
# fail 0
# cancelled 0
# skipped 0
# todo 0
# duration_ms 175.65025
