TAP version 13
# Subtest: retained original failure: restarting the garden after workbench completion wins five minutes
ok 1 - retained original failure: restarting the garden after workbench completion wins five minutes
  ---
  duration_ms: 16.659792
  ...
# Subtest: retained original behavior: idle increases fatigue while paid rest reduces it
ok 2 - retained original behavior: idle increases fatigue while paid rest reduces it
  ---
  duration_ms: 0.753375
  ...
# Subtest: retained original behavior: releasing assembly returns materials and preserves only worker exposure
ok 3 - retained original behavior: releasing assembly returns materials and preserves only worker exposure
  ---
  duration_ms: 8.160959
  ...
# Subtest: retained independently reported failure: rounded capacity offers work that actual execution rejects
ok 4 - retained independently reported failure: rounded capacity offers work that actual execution rejects
  ---
  duration_ms: 2.588375
  ...
# Subtest: finish-current-then-release ends the project while retaining the neighbor self-chosen recovery
ok 5 - finish-current-then-release ends the project while retaining the neighbor self-chosen recovery
  ---
  duration_ms: 9.815958
  ...
# Subtest: future workbench productivity completes the already-started garden by 202 without restarting
ok 6 - future workbench productivity completes the already-started garden by 202 without restarting
  ---
  duration_ms: 18.755709
  ...
# Subtest: snapshot productivity control preserves the old 207 completion without automatic rest
ok 7 - snapshot productivity control preserves the old 207 completion without automatic rest
  ---
  duration_ms: 14.184333
  ...
# Subtest: migration and the improvement boundary preserve paid people, supplies and prior fractions
ok 8 - migration and the improvement boundary preserve paid people, supplies and prior fractions
  ---
  duration_ms: 10.136334
  ...
# Subtest: stopping retains installed work and materials; unassigned time gives no construction practice
ok 9 - stopping retains installed work and materials; unassigned time gives no construction practice
  ---
  duration_ms: 9.458541
  ...
# Subtest: same-minute stop/resume cannot refresh productivity or erase paid effort
ok 10 - same-minute stop/resume cannot refresh productivity or erase paid effort
  ---
  duration_ms: 14.991416
  ...
# Subtest: accepted handover carries remaining physical work but never the previous actor practice or effort
ok 11 - accepted handover carries remaining physical work but never the previous actor practice or effort
  ---
  duration_ms: 8.925417
  ...
# Subtest: new assembly reserves material once and a second worker cannot start the same stage
ok 12 - new assembly reserves material once and a second worker cannot start the same stage
  ---
  duration_ms: 2.055125
  ...
# Subtest: automatic recovery matches actually paid legacy rest while active-idle remains a distinct control
ok 13 - automatic recovery matches actually paid legacy rest while active-idle remains a distinct control
  ---
  duration_ms: 0.8715
  ...
# Subtest: Next Event reaches real completion before its finite six-minute unassigned review horizon
ok 14 - Next Event reaches real completion before its finite six-minute unassigned review horizon
  ---
  duration_ms: 9.114583
  ...
# Subtest: Next Event returns on an actual recovery floor instead of creating a rest job
ok 15 - Next Event returns on an actual recovery floor instead of creating a rest job
  ---
  duration_ms: 1.424375
  ...
# Subtest: interrupted eating reserves one portion for its actor, pays time, and gives no hunger relief
ok 16 - interrupted eating reserves one portion for its actor, pays time, and gives no hunger relief
  ---
  duration_ms: 1.496542
  ...
# Subtest: eating finishes only after eight paid minutes and consumes its reserved portion once
ok 17 - eating finishes only after eight paid minutes and consumes its reserved portion once
  ---
  duration_ms: 1.542875
  ...
# Subtest: JSON replay preserves paid partial work, interrupted eating, takeover and future continuation
ok 18 - JSON replay preserves paid partial work, interrupted eating, takeover and future continuation
  ---
  duration_ms: 12.978334
  ...
# Subtest: replay rejects fabricated food, erased effort, person practice and material duplication
ok 19 - replay rejects fabricated food, erased effort, person practice and material duplication
  ---
  duration_ms: 11.2895
  ...
# Subtest: new save identity rejects wrong versions, untrusted properties, and mixed legacy jobs explicitly
ok 20 - new save identity rejects wrong versions, untrusted properties, and mixed legacy jobs explicitly
  ---
  duration_ms: 7.627875
  ...
# Subtest: chunked advancement preserves exact state and never bills one actor time to another
ok 21 - chunked advancement preserves exact state and never bills one actor time to another
  ---
  duration_ms: 21.448042
  ...
# Subtest: private time horizon is explicit and new-command exhaustion retains stops and advancing
ok 22 - private time horizon is explicit and new-command exhaustion retains stops and advancing
  ---
  duration_ms: 369.469334
  ...
# Subtest: seven legal overlap cases retain prior fractions and never reward refreshing a same-worker assignment
ok 23 - seven legal overlap cases retain prior fractions and never reward refreshing a same-worker assignment
  ---
  duration_ms: 59.404042
  ...
# Subtest: automatic recovery cannot feed a hungry actor or authorize exertion that still exceeds hunger capacity
ok 24 - automatic recovery cannot feed a hungry actor or authorize exertion that still exceeds hunger capacity
  ---
  duration_ms: 5.893
  ...
# Subtest: command identities reject coercible arrays rather than recording an ambiguous replay
ok 25 - command identities reject coercible arrays rather than recording an ambiguous replay
  ---
  duration_ms: 6.925875
  ...
1..25
# tests 25
# suites 0
# pass 25
# fail 0
# cancelled 0
# skipped 0
# todo 0
# duration_ms 645.411958
